(logging to /home/jag/payment-processor-research/process_transunion_train_OLD.log)

##### transunion/train / OLD #####
clearing normalized + processed dirs first (idempotent)
  rm /home/jag/payment-processor-research/payment_processing_research_data/transunion/train/normalized_old/*
  rm /home/jag/payment-processor-research/payment_processing_research_data/transunion/train/processed_old/*

phase 1: map + preprocess (534 chunks) -> /home/jag/payment-processor-research/payment_processing_research_data/transunion/train/normalized_old
  saved 1/534 normalized -> /home/jag/payment-processor-research/payment_processing_research_data/transunion/train/normalized_old/part-00000.parquet
  saved 2/534 normalized -> /home/jag/payment-processor-research/payment_processing_research_data/transunion/train/normalized_old/part-00001.parquet
  saved 3/534 normalized -> /home/jag/payment-processor-research/payment_processing_research_data/transunion/train/normalized_old/part-00002.parquet
  saved 4/534 normalized -> /home/jag/payment-processor-research/payment_processing_research_data/transunion/train/normalized_old/part-00003.parquet
  saved 5/534 normalized -> /home/jag/payment-processor-research/payment_processing_research_data/transunion/train/normalized_old/part-00004.parquet
  saved 6/534 normalized -> /home/jag/payment-processor-research/payment_processing_research_data/transunion/train/normalized_old/part-00005.parquet
  saved 7/534 normalized -> /home/jag/payment-processor-research/payment_processing_research_data/transunion/train/normalized_old/part-00006.parquet
  saved 8/534 normalized -> /home/jag/payment-processor-research/payment_processing_research_data/transunion/train/normalized_old/part-00007.parquet
  saved 9/534 normalized -> /home/jag/payment-processor-research/payment_processing_research_data/transunion/train/normalized_old/part-00008.parquet
  saved 10/534 normalized -> /home/jag/payment-processor-research/payment_processing_research_data/transunion/train/normalized_old/part-00009.parquet
  saved 11/534 normalized -> /home/jag/payment-processor-research/payment_processing_research_data/transunion/train/normalized_old/part-00010.parquet
  saved 12/534 normalized -> /home/jag/payment-processor-research/payment_processing_research_data/transunion/train/normalized_old/part-00011.parquet
  saved 13/534 normalized -> /home/jag/payment-processor-research/payment_processing_research_data/transunion/train/normalized_old/part-00012.parquet
  saved 14/534 normalized -> /home/jag/payment-processor-research/payment_processing_research_data/transunion/train/normalized_old/part-00013.parquet
  saved 15/534 normalized -> /home/jag/payment-processor-research/payment_processing_research_data/transunion/train/normalized_old/part-00014.parquet
  saved 16/534 normalized -> /home/jag/payment-processor-research/payment_processing_research_data/transunion/train/normalized_old/part-00015.parquet
  saved 17/534 normalized -> /home/jag/payment-processor-research/payment_processing_research_data/transunion/train/normalized_old/part-00016.parquet
  saved 18/534 normalized -> /home/jag/payment-processor-research/payment_processing_research_data/transunion/train/normalized_old/part-00017.parquet
  saved 19/534 normalized -> /home/jag/payment-processor-research/payment_processing_research_data/transunion/train/normalized_old/part-00018.parquet
  saved 20/534 normalized -> /home/jag/payment-processor-research/payment_processing_research_data/transunion/train/normalized_old/part-00019.parquet
  saved 21/534 normalized -> /home/jag/payment-processor-research/payment_processing_research_data/transunion/train/normalized_old/part-00020.parquet
  saved 22/534 normalized -> /home/jag/payment-processor-research/payment_processing_research_data/transunion/train/normalized_old/part-00021.parquet
  saved 23/534 normalized -> /home/jag/payment-processor-research/payment_processing_research_data/transunion/train/normalized_old/part-00022.parquet
  saved 24/534 normalized -> /home/jag/payment-processor-research/payment_processing_research_data/transunion/train/normalized_old/part-00023.parquet
  saved 25/534 normalized -> /home/jag/payment-processor-research/payment_processing_research_data/transunion/train/normalized_old/part-00024.parquet
  saved 26/534 normalized -> /home/jag/payment-processor-research/payment_processing_research_data/transunion/train/normalized_old/part-00025.parquet
  saved 27/534 normalized -> /home/jag/payment-processor-research/payment_processing_research_data/transunion/train/normalized_old/part-00026.parquet
  saved 28/534 normalized -> /home/jag/payment-processor-research/payment_processing_research_data/transunion/train/normalized_old/part-00027.parquet
  saved 29/534 normalized -> /home/jag/payment-processor-research/payment_processing_research_data/transunion/train/normalized_old/part-00028.parquet
  saved 30/534 normalized -> /home/jag/payment-processor-research/payment_processing_research_data/transunion/train/normalized_old/part-00029.parquet
  saved 31/534 normalized -> /home/jag/payment-processor-research/payment_processing_research_data/transunion/train/normalized_old/part-00030.parquet
  saved 32/534 normalized -> /home/jag/payment-processor-research/payment_processing_research_data/transunion/train/normalized_old/part-00031.parquet
  saved 33/534 normalized -> /home/jag/payment-processor-research/payment_processing_research_data/transunion/train/normalized_old/part-00032.parquet
  saved 34/534 normalized -> /home/jag/payment-processor-research/payment_processing_research_data/transunion/train/normalized_old/part-00033.parquet
  saved 35/534 normalized -> /home/jag/payment-processor-research/payment_processing_research_data/transunion/train/normalized_old/part-00034.parquet
  saved 36/534 normalized -> /home/jag/payment-processor-research/payment_processing_research_data/transunion/train/normalized_old/part-00035.parquet
  saved 37/534 normalized -> /home/jag/payment-processor-research/payment_processing_research_data/transunion/train/normalized_old/part-00036.parquet
  saved 38/534 normalized -> /home/jag/payment-processor-research/payment_processing_research_data/transunion/train/normalized_old/part-00037.parquet
  saved 39/534 normalized -> /home/jag/payment-processor-research/payment_processing_research_data/transunion/train/normalized_old/part-00038.parquet
  saved 40/534 normalized -> /home/jag/payment-processor-research/payment_processing_research_data/transunion/train/normalized_old/part-00039.parquet
  saved 41/534 normalized -> /home/jag/payment-processor-research/payment_processing_research_data/transunion/train/normalized_old/part-00040.parquet
  saved 42/534 normalized -> /home/jag/payment-processor-research/payment_processing_research_data/transunion/train/normalized_old/part-00041.parquet
  saved 43/534 normalized -> /home/jag/payment-processor-research/payment_processing_research_data/transunion/train/normalized_old/part-00042.parquet
  saved 44/534 normalized -> /home/jag/payment-processor-research/payment_processing_research_data/transunion/train/normalized_old/part-00043.parquet
  saved 45/534 normalized -> /home/jag/payment-processor-research/payment_processing_research_data/transunion/train/normalized_old/part-00044.parquet
  saved 46/534 normalized -> /home/jag/payment-processor-research/payment_processing_research_data/transunion/train/normalized_old/part-00045.parquet
  saved 47/534 normalized -> /home/jag/payment-processor-research/payment_processing_research_data/transunion/train/normalized_old/part-00046.parquet
  saved 48/534 normalized -> /home/jag/payment-processor-research/payment_processing_research_data/transunion/train/normalized_old/part-00047.parquet
  saved 49/534 normalized -> /home/jag/payment-processor-research/payment_processing_research_data/transunion/train/normalized_old/part-00048.parquet
  saved 50/534 normalized -> /home/jag/payment-processor-research/payment_processing_research_data/transunion/train/normalized_old/part-00049.parquet
  saved 51/534 normalized -> /home/jag/payment-processor-research/payment_processing_research_data/transunion/train/normalized_old/part-00050.parquet
  saved 52/534 normalized -> /home/jag/payment-processor-research/payment_processing_research_data/transunion/train/normalized_old/part-00051.parquet
  saved 53/534 normalized -> /home/jag/payment-processor-research/payment_processing_research_data/transunion/train/normalized_old/part-00052.parquet
  saved 54/534 normalized -> /home/jag/payment-processor-research/payment_processing_research_data/transunion/train/normalized_old/part-00053.parquet
  saved 55/534 normalized -> /home/jag/payment-processor-research/payment_processing_research_data/transunion/train/normalized_old/part-00054.parquet
  saved 56/534 normalized -> /home/jag/payment-processor-research/payment_processing_research_data/transunion/train/normalized_old/part-00055.parquet
  saved 57/534 normalized -> /home/jag/payment-processor-research/payment_processing_research_data/transunion/train/normalized_old/part-00056.parquet
  saved 58/534 normalized -> /home/jag/payment-processor-research/payment_processing_research_data/transunion/train/normalized_old/part-00057.parquet
  saved 59/534 normalized -> /home/jag/payment-processor-research/payment_processing_research_data/transunion/train/normalized_old/part-00058.parquet
  saved 60/534 normalized -> /home/jag/payment-processor-research/payment_processing_research_data/transunion/train/normalized_old/part-00059.parquet
  saved 61/534 normalized -> /home/jag/payment-processor-research/payment_processing_research_data/transunion/train/normalized_old/part-00060.parquet
  saved 62/534 normalized -> /home/jag/payment-processor-research/payment_processing_research_data/transunion/train/normalized_old/part-00061.parquet
  saved 63/534 normalized -> /home/jag/payment-processor-research/payment_processing_research_data/transunion/train/normalized_old/part-00062.parquet
  saved 64/534 normalized -> /home/jag/payment-processor-research/payment_processing_research_data/transunion/train/normalized_old/part-00063.parquet
  saved 65/534 normalized -> /home/jag/payment-processor-research/payment_processing_research_data/transunion/train/normalized_old/part-00064.parquet
  saved 66/534 normalized -> /home/jag/payment-processor-research/payment_processing_research_data/transunion/train/normalized_old/part-00065.parquet
  saved 67/534 normalized -> /home/jag/payment-processor-research/payment_processing_research_data/transunion/train/normalized_old/part-00066.parquet
  saved 68/534 normalized -> /home/jag/payment-processor-research/payment_processing_research_data/transunion/train/normalized_old/part-00067.parquet
  saved 69/534 normalized -> /home/jag/payment-processor-research/payment_processing_research_data/transunion/train/normalized_old/part-00068.parquet
  saved 70/534 normalized -> /home/jag/payment-processor-research/payment_processing_research_data/transunion/train/normalized_old/part-00069.parquet
  saved 71/534 normalized -> /home/jag/payment-processor-research/payment_processing_research_data/transunion/train/normalized_old/part-00070.parquet
  saved 72/534 normalized -> /home/jag/payment-processor-research/payment_processing_research_data/transunion/train/normalized_old/part-00071.parquet
  saved 73/534 normalized -> /home/jag/payment-processor-research/payment_processing_research_data/transunion/train/normalized_old/part-00072.parquet
  saved 74/534 normalized -> /home/jag/payment-processor-research/payment_processing_research_data/transunion/train/normalized_old/part-00073.parquet
  saved 75/534 normalized -> /home/jag/payment-processor-research/payment_processing_research_data/transunion/train/normalized_old/part-00074.parquet
  saved 76/534 normalized -> /home/jag/payment-processor-research/payment_processing_research_data/transunion/train/normalized_old/part-00075.parquet
  saved 77/534 normalized -> /home/jag/payment-processor-research/payment_processing_research_data/transunion/train/normalized_old/part-00076.parquet
  saved 78/534 normalized -> /home/jag/payment-processor-research/payment_processing_research_data/transunion/train/normalized_old/part-00077.parquet
  saved 79/534 normalized -> /home/jag/payment-processor-research/payment_processing_research_data/transunion/train/normalized_old/part-00078.parquet
  saved 80/534 normalized -> /home/jag/payment-processor-research/payment_processing_research_data/transunion/train/normalized_old/part-00079.parquet
  saved 81/534 normalized -> /home/jag/payment-processor-research/payment_processing_research_data/transunion/train/normalized_old/part-00080.parquet
  saved 82/534 normalized -> /home/jag/payment-processor-research/payment_processing_research_data/transunion/train/normalized_old/part-00081.parquet
  saved 83/534 normalized -> /home/jag/payment-processor-research/payment_processing_research_data/transunion/train/normalized_old/part-00082.parquet
  saved 84/534 normalized -> /home/jag/payment-processor-research/payment_processing_research_data/transunion/train/normalized_old/part-00083.parquet
  saved 85/534 normalized -> /home/jag/payment-processor-research/payment_processing_research_data/transunion/train/normalized_old/part-00084.parquet
  saved 86/534 normalized -> /home/jag/payment-processor-research/payment_processing_research_data/transunion/train/normalized_old/part-00085.parquet
  saved 87/534 normalized -> /home/jag/payment-processor-research/payment_processing_research_data/transunion/train/normalized_old/part-00086.parquet
  saved 88/534 normalized -> /home/jag/payment-processor-research/payment_processing_research_data/transunion/train/normalized_old/part-00087.parquet
  saved 89/534 normalized -> /home/jag/payment-processor-research/payment_processing_research_data/transunion/train/normalized_old/part-00088.parquet
  saved 90/534 normalized -> /home/jag/payment-processor-research/payment_processing_research_data/transunion/train/normalized_old/part-00089.parquet
  saved 91/534 normalized -> /home/jag/payment-processor-research/payment_processing_research_data/transunion/train/normalized_old/part-00090.parquet
  saved 92/534 normalized -> /home/jag/payment-processor-research/payment_processing_research_data/transunion/train/normalized_old/part-00091.parquet
  saved 93/534 normalized -> /home/jag/payment-processor-research/payment_processing_research_data/transunion/train/normalized_old/part-00092.parquet
  saved 94/534 normalized -> /home/jag/payment-processor-research/payment_processing_research_data/transunion/train/normalized_old/part-00093.parquet
  saved 95/534 normalized -> /home/jag/payment-processor-research/payment_processing_research_data/transunion/train/normalized_old/part-00094.parquet
  saved 96/534 normalized -> /home/jag/payment-processor-research/payment_processing_research_data/transunion/train/normalized_old/part-00095.parquet
  saved 97/534 normalized -> /home/jag/payment-processor-research/payment_processing_research_data/transunion/train/normalized_old/part-00096.parquet
  saved 98/534 normalized -> /home/jag/payment-processor-research/payment_processing_research_data/transunion/train/normalized_old/part-00097.parquet
  saved 99/534 normalized -> /home/jag/payment-processor-research/payment_processing_research_data/transunion/train/normalized_old/part-00098.parquet
  saved 100/534 normalized -> /home/jag/payment-processor-research/payment_processing_research_data/transunion/train/normalized_old/part-00099.parquet
  saved 101/534 normalized -> /home/jag/payment-processor-research/payment_processing_research_data/transunion/train/normalized_old/part-00100.parquet
  saved 102/534 normalized -> /home/jag/payment-processor-research/payment_processing_research_data/transunion/train/normalized_old/part-00101.parquet
  saved 103/534 normalized -> /home/jag/payment-processor-research/payment_processing_research_data/transunion/train/normalized_old/part-00102.parquet
  saved 104/534 normalized -> /home/jag/payment-processor-research/payment_processing_research_data/transunion/train/normalized_old/part-00103.parquet
  saved 105/534 normalized -> /home/jag/payment-processor-research/payment_processing_research_data/transunion/train/normalized_old/part-00104.parquet
  saved 106/534 normalized -> /home/jag/payment-processor-research/payment_processing_research_data/transunion/train/normalized_old/part-00105.parquet
  saved 107/534 normalized -> /home/jag/payment-processor-research/payment_processing_research_data/transunion/train/normalized_old/part-00106.parquet
  saved 108/534 normalized -> /home/jag/payment-processor-research/payment_processing_research_data/transunion/train/normalized_old/part-00107.parquet
  saved 109/534 normalized -> /home/jag/payment-processor-research/payment_processing_research_data/transunion/train/normalized_old/part-00108.parquet
  saved 110/534 normalized -> /home/jag/payment-processor-research/payment_processing_research_data/transunion/train/normalized_old/part-00109.parquet
  saved 111/534 normalized -> /home/jag/payment-processor-research/payment_processing_research_data/transunion/train/normalized_old/part-00110.parquet
  saved 112/534 normalized -> /home/jag/payment-processor-research/payment_processing_research_data/transunion/train/normalized_old/part-00111.parquet
  saved 113/534 normalized -> /home/jag/payment-processor-research/payment_processing_research_data/transunion/train/normalized_old/part-00112.parquet
  saved 114/534 normalized -> /home/jag/payment-processor-research/payment_processing_research_data/transunion/train/normalized_old/part-00113.parquet
  saved 115/534 normalized -> /home/jag/payment-processor-research/payment_processing_research_data/transunion/train/normalized_old/part-00114.parquet
  saved 116/534 normalized -> /home/jag/payment-processor-research/payment_processing_research_data/transunion/train/normalized_old/part-00115.parquet
  saved 117/534 normalized -> /home/jag/payment-processor-research/payment_processing_research_data/transunion/train/normalized_old/part-00116.parquet
  saved 118/534 normalized -> /home/jag/payment-processor-research/payment_processing_research_data/transunion/train/normalized_old/part-00117.parquet
  saved 119/534 normalized -> /home/jag/payment-processor-research/payment_processing_research_data/transunion/train/normalized_old/part-00118.parquet
  saved 120/534 normalized -> /home/jag/payment-processor-research/payment_processing_research_data/transunion/train/normalized_old/part-00119.parquet
  saved 121/534 normalized -> /home/jag/payment-processor-research/payment_processing_research_data/transunion/train/normalized_old/part-00120.parquet
  saved 122/534 normalized -> /home/jag/payment-processor-research/payment_processing_research_data/transunion/train/normalized_old/part-00121.parquet
  saved 123/534 normalized -> /home/jag/payment-processor-research/payment_processing_research_data/transunion/train/normalized_old/part-00122.parquet
  saved 124/534 normalized -> /home/jag/payment-processor-research/payment_processing_research_data/transunion/train/normalized_old/part-00123.parquet
  saved 125/534 normalized -> /home/jag/payment-processor-research/payment_processing_research_data/transunion/train/normalized_old/part-00124.parquet
  saved 126/534 normalized -> /home/jag/payment-processor-research/payment_processing_research_data/transunion/train/normalized_old/part-00125.parquet
  saved 127/534 normalized -> /home/jag/payment-processor-research/payment_processing_research_data/transunion/train/normalized_old/part-00126.parquet
  saved 128/534 normalized -> /home/jag/payment-processor-research/payment_processing_research_data/transunion/train/normalized_old/part-00127.parquet
  saved 129/534 normalized -> /home/jag/payment-processor-research/payment_processing_research_data/transunion/train/normalized_old/part-00128.parquet
  saved 130/534 normalized -> /home/jag/payment-processor-research/payment_processing_research_data/transunion/train/normalized_old/part-00129.parquet
  saved 131/534 normalized -> /home/jag/payment-processor-research/payment_processing_research_data/transunion/train/normalized_old/part-00130.parquet
  saved 132/534 normalized -> /home/jag/payment-processor-research/payment_processing_research_data/transunion/train/normalized_old/part-00131.parquet
  saved 133/534 normalized -> /home/jag/payment-processor-research/payment_processing_research_data/transunion/train/normalized_old/part-00132.parquet
  saved 134/534 normalized -> /home/jag/payment-processor-research/payment_processing_research_data/transunion/train/normalized_old/part-00133.parquet
  saved 135/534 normalized -> /home/jag/payment-processor-research/payment_processing_research_data/transunion/train/normalized_old/part-00134.parquet
  saved 136/534 normalized -> /home/jag/payment-processor-research/payment_processing_research_data/transunion/train/normalized_old/part-00135.parquet
  saved 137/534 normalized -> /home/jag/payment-processor-research/payment_processing_research_data/transunion/train/normalized_old/part-00136.parquet
  saved 138/534 normalized -> /home/jag/payment-processor-research/payment_processing_research_data/transunion/train/normalized_old/part-00137.parquet
  saved 139/534 normalized -> /home/jag/payment-processor-research/payment_processing_research_data/transunion/train/normalized_old/part-00138.parquet
  saved 140/534 normalized -> /home/jag/payment-processor-research/payment_processing_research_data/transunion/train/normalized_old/part-00139.parquet
  saved 141/534 normalized -> /home/jag/payment-processor-research/payment_processing_research_data/transunion/train/normalized_old/part-00140.parquet
  saved 142/534 normalized -> /home/jag/payment-processor-research/payment_processing_research_data/transunion/train/normalized_old/part-00141.parquet
  saved 143/534 normalized -> /home/jag/payment-processor-research/payment_processing_research_data/transunion/train/normalized_old/part-00142.parquet
  saved 144/534 normalized -> /home/jag/payment-processor-research/payment_processing_research_data/transunion/train/normalized_old/part-00143.parquet
  saved 145/534 normalized -> /home/jag/payment-processor-research/payment_processing_research_data/transunion/train/normalized_old/part-00144.parquet
  saved 146/534 normalized -> /home/jag/payment-processor-research/payment_processing_research_data/transunion/train/normalized_old/part-00145.parquet
  saved 147/534 normalized -> /home/jag/payment-processor-research/payment_processing_research_data/transunion/train/normalized_old/part-00146.parquet
  saved 148/534 normalized -> /home/jag/payment-processor-research/payment_processing_research_data/transunion/train/normalized_old/part-00147.parquet
  saved 149/534 normalized -> /home/jag/payment-processor-research/payment_processing_research_data/transunion/train/normalized_old/part-00148.parquet
  saved 150/534 normalized -> /home/jag/payment-processor-research/payment_processing_research_data/transunion/train/normalized_old/part-00149.parquet
  saved 151/534 normalized -> /home/jag/payment-processor-research/payment_processing_research_data/transunion/train/normalized_old/part-00150.parquet
  saved 152/534 normalized -> /home/jag/payment-processor-research/payment_processing_research_data/transunion/train/normalized_old/part-00151.parquet
  saved 153/534 normalized -> /home/jag/payment-processor-research/payment_processing_research_data/transunion/train/normalized_old/part-00152.parquet
  saved 154/534 normalized -> /home/jag/payment-processor-research/payment_processing_research_data/transunion/train/normalized_old/part-00153.parquet
  saved 155/534 normalized -> /home/jag/payment-processor-research/payment_processing_research_data/transunion/train/normalized_old/part-00154.parquet
  saved 156/534 normalized -> /home/jag/payment-processor-research/payment_processing_research_data/transunion/train/normalized_old/part-00155.parquet
  saved 157/534 normalized -> /home/jag/payment-processor-research/payment_processing_research_data/transunion/train/normalized_old/part-00156.parquet
  saved 158/534 normalized -> /home/jag/payment-processor-research/payment_processing_research_data/transunion/train/normalized_old/part-00157.parquet
  saved 159/534 normalized -> /home/jag/payment-processor-research/payment_processing_research_data/transunion/train/normalized_old/part-00158.parquet
  saved 160/534 normalized -> /home/jag/payment-processor-research/payment_processing_research_data/transunion/train/normalized_old/part-00159.parquet
  saved 161/534 normalized -> /home/jag/payment-processor-research/payment_processing_research_data/transunion/train/normalized_old/part-00160.parquet
  saved 162/534 normalized -> /home/jag/payment-processor-research/payment_processing_research_data/transunion/train/normalized_old/part-00161.parquet
  saved 163/534 normalized -> /home/jag/payment-processor-research/payment_processing_research_data/transunion/train/normalized_old/part-00162.parquet
  saved 164/534 normalized -> /home/jag/payment-processor-research/payment_processing_research_data/transunion/train/normalized_old/part-00163.parquet
  saved 165/534 normalized -> /home/jag/payment-processor-research/payment_processing_research_data/transunion/train/normalized_old/part-00164.parquet
  saved 166/534 normalized -> /home/jag/payment-processor-research/payment_processing_research_data/transunion/train/normalized_old/part-00165.parquet
  saved 167/534 normalized -> /home/jag/payment-processor-research/payment_processing_research_data/transunion/train/normalized_old/part-00166.parquet
  saved 168/534 normalized -> /home/jag/payment-processor-research/payment_processing_research_data/transunion/train/normalized_old/part-00167.parquet
  saved 169/534 normalized -> /home/jag/payment-processor-research/payment_processing_research_data/transunion/train/normalized_old/part-00168.parquet
  saved 170/534 normalized -> /home/jag/payment-processor-research/payment_processing_research_data/transunion/train/normalized_old/part-00169.parquet
  saved 171/534 normalized -> /home/jag/payment-processor-research/payment_processing_research_data/transunion/train/normalized_old/part-00170.parquet
  saved 172/534 normalized -> /home/jag/payment-processor-research/payment_processing_research_data/transunion/train/normalized_old/part-00171.parquet
  saved 173/534 normalized -> /home/jag/payment-processor-research/payment_processing_research_data/transunion/train/normalized_old/part-00172.parquet
  saved 174/534 normalized -> /home/jag/payment-processor-research/payment_processing_research_data/transunion/train/normalized_old/part-00173.parquet
  saved 175/534 normalized -> /home/jag/payment-processor-research/payment_processing_research_data/transunion/train/normalized_old/part-00174.parquet
  saved 176/534 normalized -> /home/jag/payment-processor-research/payment_processing_research_data/transunion/train/normalized_old/part-00175.parquet
  saved 177/534 normalized -> /home/jag/payment-processor-research/payment_processing_research_data/transunion/train/normalized_old/part-00176.parquet
  saved 178/534 normalized -> /home/jag/payment-processor-research/payment_processing_research_data/transunion/train/normalized_old/part-00177.parquet
  saved 179/534 normalized -> /home/jag/payment-processor-research/payment_processing_research_data/transunion/train/normalized_old/part-00178.parquet
  saved 180/534 normalized -> /home/jag/payment-processor-research/payment_processing_research_data/transunion/train/normalized_old/part-00179.parquet
  saved 181/534 normalized -> /home/jag/payment-processor-research/payment_processing_research_data/transunion/train/normalized_old/part-00180.parquet
  saved 182/534 normalized -> /home/jag/payment-processor-research/payment_processing_research_data/transunion/train/normalized_old/part-00181.parquet
  saved 183/534 normalized -> /home/jag/payment-processor-research/payment_processing_research_data/transunion/train/normalized_old/part-00182.parquet
  saved 184/534 normalized -> /home/jag/payment-processor-research/payment_processing_research_data/transunion/train/normalized_old/part-00183.parquet
  saved 185/534 normalized -> /home/jag/payment-processor-research/payment_processing_research_data/transunion/train/normalized_old/part-00184.parquet
  saved 186/534 normalized -> /home/jag/payment-processor-research/payment_processing_research_data/transunion/train/normalized_old/part-00185.parquet
  saved 187/534 normalized -> /home/jag/payment-processor-research/payment_processing_research_data/transunion/train/normalized_old/part-00186.parquet
  saved 188/534 normalized -> /home/jag/payment-processor-research/payment_processing_research_data/transunion/train/normalized_old/part-00187.parquet
  saved 189/534 normalized -> /home/jag/payment-processor-research/payment_processing_research_data/transunion/train/normalized_old/part-00188.parquet
  saved 190/534 normalized -> /home/jag/payment-processor-research/payment_processing_research_data/transunion/train/normalized_old/part-00189.parquet
  saved 191/534 normalized -> /home/jag/payment-processor-research/payment_processing_research_data/transunion/train/normalized_old/part-00190.parquet
  saved 192/534 normalized -> /home/jag/payment-processor-research/payment_processing_research_data/transunion/train/normalized_old/part-00191.parquet
  saved 193/534 normalized -> /home/jag/payment-processor-research/payment_processing_research_data/transunion/train/normalized_old/part-00192.parquet
  saved 194/534 normalized -> /home/jag/payment-processor-research/payment_processing_research_data/transunion/train/normalized_old/part-00193.parquet
  saved 195/534 normalized -> /home/jag/payment-processor-research/payment_processing_research_data/transunion/train/normalized_old/part-00194.parquet
  saved 196/534 normalized -> /home/jag/payment-processor-research/payment_processing_research_data/transunion/train/normalized_old/part-00195.parquet
  saved 197/534 normalized -> /home/jag/payment-processor-research/payment_processing_research_data/transunion/train/normalized_old/part-00196.parquet
  saved 198/534 normalized -> /home/jag/payment-processor-research/payment_processing_research_data/transunion/train/normalized_old/part-00197.parquet
  saved 199/534 normalized -> /home/jag/payment-processor-research/payment_processing_research_data/transunion/train/normalized_old/part-00198.parquet
  saved 200/534 normalized -> /home/jag/payment-processor-research/payment_processing_research_data/transunion/train/normalized_old/part-00199.parquet
  saved 201/534 normalized -> /home/jag/payment-processor-research/payment_processing_research_data/transunion/train/normalized_old/part-00200.parquet
  saved 202/534 normalized -> /home/jag/payment-processor-research/payment_processing_research_data/transunion/train/normalized_old/part-00201.parquet
  saved 203/534 normalized -> /home/jag/payment-processor-research/payment_processing_research_data/transunion/train/normalized_old/part-00202.parquet
  saved 204/534 normalized -> /home/jag/payment-processor-research/payment_processing_research_data/transunion/train/normalized_old/part-00203.parquet
  saved 205/534 normalized -> /home/jag/payment-processor-research/payment_processing_research_data/transunion/train/normalized_old/part-00204.parquet
  saved 206/534 normalized -> /home/jag/payment-processor-research/payment_processing_research_data/transunion/train/normalized_old/part-00205.parquet
  saved 207/534 normalized -> /home/jag/payment-processor-research/payment_processing_research_data/transunion/train/normalized_old/part-00206.parquet
  saved 208/534 normalized -> /home/jag/payment-processor-research/payment_processing_research_data/transunion/train/normalized_old/part-00207.parquet
  saved 209/534 normalized -> /home/jag/payment-processor-research/payment_processing_research_data/transunion/train/normalized_old/part-00208.parquet
  saved 210/534 normalized -> /home/jag/payment-processor-research/payment_processing_research_data/transunion/train/normalized_old/part-00209.parquet
  saved 211/534 normalized -> /home/jag/payment-processor-research/payment_processing_research_data/transunion/train/normalized_old/part-00210.parquet
  saved 212/534 normalized -> /home/jag/payment-processor-research/payment_processing_research_data/transunion/train/normalized_old/part-00211.parquet
  saved 213/534 normalized -> /home/jag/payment-processor-research/payment_processing_research_data/transunion/train/normalized_old/part-00212.parquet
  saved 214/534 normalized -> /home/jag/payment-processor-research/payment_processing_research_data/transunion/train/normalized_old/part-00213.parquet
  saved 215/534 normalized -> /home/jag/payment-processor-research/payment_processing_research_data/transunion/train/normalized_old/part-00214.parquet
  saved 216/534 normalized -> /home/jag/payment-processor-research/payment_processing_research_data/transunion/train/normalized_old/part-00215.parquet
  saved 217/534 normalized -> /home/jag/payment-processor-research/payment_processing_research_data/transunion/train/normalized_old/part-00216.parquet
  saved 218/534 normalized -> /home/jag/payment-processor-research/payment_processing_research_data/transunion/train/normalized_old/part-00217.parquet
  saved 219/534 normalized -> /home/jag/payment-processor-research/payment_processing_research_data/transunion/train/normalized_old/part-00218.parquet
  saved 220/534 normalized -> /home/jag/payment-processor-research/payment_processing_research_data/transunion/train/normalized_old/part-00219.parquet
  saved 221/534 normalized -> /home/jag/payment-processor-research/payment_processing_research_data/transunion/train/normalized_old/part-00220.parquet
  saved 222/534 normalized -> /home/jag/payment-processor-research/payment_processing_research_data/transunion/train/normalized_old/part-00221.parquet
  saved 223/534 normalized -> /home/jag/payment-processor-research/payment_processing_research_data/transunion/train/normalized_old/part-00222.parquet
  saved 224/534 normalized -> /home/jag/payment-processor-research/payment_processing_research_data/transunion/train/normalized_old/part-00223.parquet
  saved 225/534 normalized -> /home/jag/payment-processor-research/payment_processing_research_data/transunion/train/normalized_old/part-00224.parquet
  saved 226/534 normalized -> /home/jag/payment-processor-research/payment_processing_research_data/transunion/train/normalized_old/part-00225.parquet
  saved 227/534 normalized -> /home/jag/payment-processor-research/payment_processing_research_data/transunion/train/normalized_old/part-00226.parquet
  saved 228/534 normalized -> /home/jag/payment-processor-research/payment_processing_research_data/transunion/train/normalized_old/part-00227.parquet
  saved 229/534 normalized -> /home/jag/payment-processor-research/payment_processing_research_data/transunion/train/normalized_old/part-00228.parquet
  saved 230/534 normalized -> /home/jag/payment-processor-research/payment_processing_research_data/transunion/train/normalized_old/part-00229.parquet
  saved 231/534 normalized -> /home/jag/payment-processor-research/payment_processing_research_data/transunion/train/normalized_old/part-00230.parquet
  saved 232/534 normalized -> /home/jag/payment-processor-research/payment_processing_research_data/transunion/train/normalized_old/part-00231.parquet
  saved 233/534 normalized -> /home/jag/payment-processor-research/payment_processing_research_data/transunion/train/normalized_old/part-00232.parquet
  saved 234/534 normalized -> /home/jag/payment-processor-research/payment_processing_research_data/transunion/train/normalized_old/part-00233.parquet
  saved 235/534 normalized -> /home/jag/payment-processor-research/payment_processing_research_data/transunion/train/normalized_old/part-00234.parquet
  saved 236/534 normalized -> /home/jag/payment-processor-research/payment_processing_research_data/transunion/train/normalized_old/part-00235.parquet
  saved 237/534 normalized -> /home/jag/payment-processor-research/payment_processing_research_data/transunion/train/normalized_old/part-00236.parquet
  saved 238/534 normalized -> /home/jag/payment-processor-research/payment_processing_research_data/transunion/train/normalized_old/part-00237.parquet
  saved 239/534 normalized -> /home/jag/payment-processor-research/payment_processing_research_data/transunion/train/normalized_old/part-00238.parquet
  saved 240/534 normalized -> /home/jag/payment-processor-research/payment_processing_research_data/transunion/train/normalized_old/part-00239.parquet
  saved 241/534 normalized -> /home/jag/payment-processor-research/payment_processing_research_data/transunion/train/normalized_old/part-00240.parquet
  saved 242/534 normalized -> /home/jag/payment-processor-research/payment_processing_research_data/transunion/train/normalized_old/part-00241.parquet
  saved 243/534 normalized -> /home/jag/payment-processor-research/payment_processing_research_data/transunion/train/normalized_old/part-00242.parquet
  saved 244/534 normalized -> /home/jag/payment-processor-research/payment_processing_research_data/transunion/train/normalized_old/part-00243.parquet
  saved 245/534 normalized -> /home/jag/payment-processor-research/payment_processing_research_data/transunion/train/normalized_old/part-00244.parquet
  saved 246/534 normalized -> /home/jag/payment-processor-research/payment_processing_research_data/transunion/train/normalized_old/part-00245.parquet
  saved 247/534 normalized -> /home/jag/payment-processor-research/payment_processing_research_data/transunion/train/normalized_old/part-00246.parquet
  saved 248/534 normalized -> /home/jag/payment-processor-research/payment_processing_research_data/transunion/train/normalized_old/part-00247.parquet
  saved 249/534 normalized -> /home/jag/payment-processor-research/payment_processing_research_data/transunion/train/normalized_old/part-00248.parquet
  saved 250/534 normalized -> /home/jag/payment-processor-research/payment_processing_research_data/transunion/train/normalized_old/part-00249.parquet
  saved 251/534 normalized -> /home/jag/payment-processor-research/payment_processing_research_data/transunion/train/normalized_old/part-00250.parquet
  saved 252/534 normalized -> /home/jag/payment-processor-research/payment_processing_research_data/transunion/train/normalized_old/part-00251.parquet
  saved 253/534 normalized -> /home/jag/payment-processor-research/payment_processing_research_data/transunion/train/normalized_old/part-00252.parquet
  saved 254/534 normalized -> /home/jag/payment-processor-research/payment_processing_research_data/transunion/train/normalized_old/part-00253.parquet
  saved 255/534 normalized -> /home/jag/payment-processor-research/payment_processing_research_data/transunion/train/normalized_old/part-00254.parquet
  saved 256/534 normalized -> /home/jag/payment-processor-research/payment_processing_research_data/transunion/train/normalized_old/part-00255.parquet
  saved 257/534 normalized -> /home/jag/payment-processor-research/payment_processing_research_data/transunion/train/normalized_old/part-00256.parquet
  saved 258/534 normalized -> /home/jag/payment-processor-research/payment_processing_research_data/transunion/train/normalized_old/part-00257.parquet
  saved 259/534 normalized -> /home/jag/payment-processor-research/payment_processing_research_data/transunion/train/normalized_old/part-00258.parquet
  saved 260/534 normalized -> /home/jag/payment-processor-research/payment_processing_research_data/transunion/train/normalized_old/part-00259.parquet
  saved 261/534 normalized -> /home/jag/payment-processor-research/payment_processing_research_data/transunion/train/normalized_old/part-00260.parquet
  saved 262/534 normalized -> /home/jag/payment-processor-research/payment_processing_research_data/transunion/train/normalized_old/part-00261.parquet
  saved 263/534 normalized -> /home/jag/payment-processor-research/payment_processing_research_data/transunion/train/normalized_old/part-00262.parquet
  saved 264/534 normalized -> /home/jag/payment-processor-research/payment_processing_research_data/transunion/train/normalized_old/part-00263.parquet
  saved 265/534 normalized -> /home/jag/payment-processor-research/payment_processing_research_data/transunion/train/normalized_old/part-00264.parquet
  saved 266/534 normalized -> /home/jag/payment-processor-research/payment_processing_research_data/transunion/train/normalized_old/part-00265.parquet
  saved 267/534 normalized -> /home/jag/payment-processor-research/payment_processing_research_data/transunion/train/normalized_old/part-00266.parquet
  saved 268/534 normalized -> /home/jag/payment-processor-research/payment_processing_research_data/transunion/train/normalized_old/part-00267.parquet
  saved 269/534 normalized -> /home/jag/payment-processor-research/payment_processing_research_data/transunion/train/normalized_old/part-00268.parquet
  saved 270/534 normalized -> /home/jag/payment-processor-research/payment_processing_research_data/transunion/train/normalized_old/part-00269.parquet
  saved 271/534 normalized -> /home/jag/payment-processor-research/payment_processing_research_data/transunion/train/normalized_old/part-00270.parquet
  saved 272/534 normalized -> /home/jag/payment-processor-research/payment_processing_research_data/transunion/train/normalized_old/part-00271.parquet
  saved 273/534 normalized -> /home/jag/payment-processor-research/payment_processing_research_data/transunion/train/normalized_old/part-00272.parquet
  saved 274/534 normalized -> /home/jag/payment-processor-research/payment_processing_research_data/transunion/train/normalized_old/part-00273.parquet
  saved 275/534 normalized -> /home/jag/payment-processor-research/payment_processing_research_data/transunion/train/normalized_old/part-00274.parquet
  saved 276/534 normalized -> /home/jag/payment-processor-research/payment_processing_research_data/transunion/train/normalized_old/part-00275.parquet
  saved 277/534 normalized -> /home/jag/payment-processor-research/payment_processing_research_data/transunion/train/normalized_old/part-00276.parquet
  saved 278/534 normalized -> /home/jag/payment-processor-research/payment_processing_research_data/transunion/train/normalized_old/part-00277.parquet
  saved 279/534 normalized -> /home/jag/payment-processor-research/payment_processing_research_data/transunion/train/normalized_old/part-00278.parquet
  saved 280/534 normalized -> /home/jag/payment-processor-research/payment_processing_research_data/transunion/train/normalized_old/part-00279.parquet
  saved 281/534 normalized -> /home/jag/payment-processor-research/payment_processing_research_data/transunion/train/normalized_old/part-00280.parquet
  saved 282/534 normalized -> /home/jag/payment-processor-research/payment_processing_research_data/transunion/train/normalized_old/part-00281.parquet
  saved 283/534 normalized -> /home/jag/payment-processor-research/payment_processing_research_data/transunion/train/normalized_old/part-00282.parquet
  saved 284/534 normalized -> /home/jag/payment-processor-research/payment_processing_research_data/transunion/train/normalized_old/part-00283.parquet
  saved 285/534 normalized -> /home/jag/payment-processor-research/payment_processing_research_data/transunion/train/normalized_old/part-00284.parquet
  saved 286/534 normalized -> /home/jag/payment-processor-research/payment_processing_research_data/transunion/train/normalized_old/part-00285.parquet
  saved 287/534 normalized -> /home/jag/payment-processor-research/payment_processing_research_data/transunion/train/normalized_old/part-00286.parquet
  saved 288/534 normalized -> /home/jag/payment-processor-research/payment_processing_research_data/transunion/train/normalized_old/part-00287.parquet
  saved 289/534 normalized -> /home/jag/payment-processor-research/payment_processing_research_data/transunion/train/normalized_old/part-00288.parquet
  saved 290/534 normalized -> /home/jag/payment-processor-research/payment_processing_research_data/transunion/train/normalized_old/part-00289.parquet
  saved 291/534 normalized -> /home/jag/payment-processor-research/payment_processing_research_data/transunion/train/normalized_old/part-00290.parquet
  saved 292/534 normalized -> /home/jag/payment-processor-research/payment_processing_research_data/transunion/train/normalized_old/part-00291.parquet
  saved 293/534 normalized -> /home/jag/payment-processor-research/payment_processing_research_data/transunion/train/normalized_old/part-00292.parquet
  saved 294/534 normalized -> /home/jag/payment-processor-research/payment_processing_research_data/transunion/train/normalized_old/part-00293.parquet
  saved 295/534 normalized -> /home/jag/payment-processor-research/payment_processing_research_data/transunion/train/normalized_old/part-00294.parquet
  saved 296/534 normalized -> /home/jag/payment-processor-research/payment_processing_research_data/transunion/train/normalized_old/part-00295.parquet
  saved 297/534 normalized -> /home/jag/payment-processor-research/payment_processing_research_data/transunion/train/normalized_old/part-00296.parquet
  saved 298/534 normalized -> /home/jag/payment-processor-research/payment_processing_research_data/transunion/train/normalized_old/part-00297.parquet
  saved 299/534 normalized -> /home/jag/payment-processor-research/payment_processing_research_data/transunion/train/normalized_old/part-00298.parquet
  saved 300/534 normalized -> /home/jag/payment-processor-research/payment_processing_research_data/transunion/train/normalized_old/part-00299.parquet
  saved 301/534 normalized -> /home/jag/payment-processor-research/payment_processing_research_data/transunion/train/normalized_old/part-00300.parquet
  saved 302/534 normalized -> /home/jag/payment-processor-research/payment_processing_research_data/transunion/train/normalized_old/part-00301.parquet
  saved 303/534 normalized -> /home/jag/payment-processor-research/payment_processing_research_data/transunion/train/normalized_old/part-00302.parquet
  saved 304/534 normalized -> /home/jag/payment-processor-research/payment_processing_research_data/transunion/train/normalized_old/part-00303.parquet
  saved 305/534 normalized -> /home/jag/payment-processor-research/payment_processing_research_data/transunion/train/normalized_old/part-00304.parquet
  saved 306/534 normalized -> /home/jag/payment-processor-research/payment_processing_research_data/transunion/train/normalized_old/part-00305.parquet
  saved 307/534 normalized -> /home/jag/payment-processor-research/payment_processing_research_data/transunion/train/normalized_old/part-00306.parquet
  saved 308/534 normalized -> /home/jag/payment-processor-research/payment_processing_research_data/transunion/train/normalized_old/part-00307.parquet
  saved 309/534 normalized -> /home/jag/payment-processor-research/payment_processing_research_data/transunion/train/normalized_old/part-00308.parquet
  saved 310/534 normalized -> /home/jag/payment-processor-research/payment_processing_research_data/transunion/train/normalized_old/part-00309.parquet
  saved 311/534 normalized -> /home/jag/payment-processor-research/payment_processing_research_data/transunion/train/normalized_old/part-00310.parquet
  saved 312/534 normalized -> /home/jag/payment-processor-research/payment_processing_research_data/transunion/train/normalized_old/part-00311.parquet
  saved 313/534 normalized -> /home/jag/payment-processor-research/payment_processing_research_data/transunion/train/normalized_old/part-00312.parquet
  saved 314/534 normalized -> /home/jag/payment-processor-research/payment_processing_research_data/transunion/train/normalized_old/part-00313.parquet
  saved 315/534 normalized -> /home/jag/payment-processor-research/payment_processing_research_data/transunion/train/normalized_old/part-00314.parquet
  saved 316/534 normalized -> /home/jag/payment-processor-research/payment_processing_research_data/transunion/train/normalized_old/part-00315.parquet
  saved 317/534 normalized -> /home/jag/payment-processor-research/payment_processing_research_data/transunion/train/normalized_old/part-00316.parquet
  saved 318/534 normalized -> /home/jag/payment-processor-research/payment_processing_research_data/transunion/train/normalized_old/part-00317.parquet
  saved 319/534 normalized -> /home/jag/payment-processor-research/payment_processing_research_data/transunion/train/normalized_old/part-00318.parquet
  saved 320/534 normalized -> /home/jag/payment-processor-research/payment_processing_research_data/transunion/train/normalized_old/part-00319.parquet
  saved 321/534 normalized -> /home/jag/payment-processor-research/payment_processing_research_data/transunion/train/normalized_old/part-00320.parquet
  saved 322/534 normalized -> /home/jag/payment-processor-research/payment_processing_research_data/transunion/train/normalized_old/part-00321.parquet
  saved 323/534 normalized -> /home/jag/payment-processor-research/payment_processing_research_data/transunion/train/normalized_old/part-00322.parquet
  saved 324/534 normalized -> /home/jag/payment-processor-research/payment_processing_research_data/transunion/train/normalized_old/part-00323.parquet
  saved 325/534 normalized -> /home/jag/payment-processor-research/payment_processing_research_data/transunion/train/normalized_old/part-00324.parquet
  saved 326/534 normalized -> /home/jag/payment-processor-research/payment_processing_research_data/transunion/train/normalized_old/part-00325.parquet
  saved 327/534 normalized -> /home/jag/payment-processor-research/payment_processing_research_data/transunion/train/normalized_old/part-00326.parquet
  saved 328/534 normalized -> /home/jag/payment-processor-research/payment_processing_research_data/transunion/train/normalized_old/part-00327.parquet
  saved 329/534 normalized -> /home/jag/payment-processor-research/payment_processing_research_data/transunion/train/normalized_old/part-00328.parquet
  saved 330/534 normalized -> /home/jag/payment-processor-research/payment_processing_research_data/transunion/train/normalized_old/part-00329.parquet
  saved 331/534 normalized -> /home/jag/payment-processor-research/payment_processing_research_data/transunion/train/normalized_old/part-00330.parquet
  saved 332/534 normalized -> /home/jag/payment-processor-research/payment_processing_research_data/transunion/train/normalized_old/part-00331.parquet
  saved 333/534 normalized -> /home/jag/payment-processor-research/payment_processing_research_data/transunion/train/normalized_old/part-00332.parquet
  saved 334/534 normalized -> /home/jag/payment-processor-research/payment_processing_research_data/transunion/train/normalized_old/part-00333.parquet
  saved 335/534 normalized -> /home/jag/payment-processor-research/payment_processing_research_data/transunion/train/normalized_old/part-00334.parquet
  saved 336/534 normalized -> /home/jag/payment-processor-research/payment_processing_research_data/transunion/train/normalized_old/part-00335.parquet
  saved 337/534 normalized -> /home/jag/payment-processor-research/payment_processing_research_data/transunion/train/normalized_old/part-00336.parquet
  saved 338/534 normalized -> /home/jag/payment-processor-research/payment_processing_research_data/transunion/train/normalized_old/part-00337.parquet
  saved 339/534 normalized -> /home/jag/payment-processor-research/payment_processing_research_data/transunion/train/normalized_old/part-00338.parquet
  saved 340/534 normalized -> /home/jag/payment-processor-research/payment_processing_research_data/transunion/train/normalized_old/part-00339.parquet
  saved 341/534 normalized -> /home/jag/payment-processor-research/payment_processing_research_data/transunion/train/normalized_old/part-00340.parquet
  saved 342/534 normalized -> /home/jag/payment-processor-research/payment_processing_research_data/transunion/train/normalized_old/part-00341.parquet
  saved 343/534 normalized -> /home/jag/payment-processor-research/payment_processing_research_data/transunion/train/normalized_old/part-00342.parquet
  saved 344/534 normalized -> /home/jag/payment-processor-research/payment_processing_research_data/transunion/train/normalized_old/part-00343.parquet
  saved 345/534 normalized -> /home/jag/payment-processor-research/payment_processing_research_data/transunion/train/normalized_old/part-00344.parquet
  saved 346/534 normalized -> /home/jag/payment-processor-research/payment_processing_research_data/transunion/train/normalized_old/part-00345.parquet
  saved 347/534 normalized -> /home/jag/payment-processor-research/payment_processing_research_data/transunion/train/normalized_old/part-00346.parquet
  saved 348/534 normalized -> /home/jag/payment-processor-research/payment_processing_research_data/transunion/train/normalized_old/part-00347.parquet
  saved 349/534 normalized -> /home/jag/payment-processor-research/payment_processing_research_data/transunion/train/normalized_old/part-00348.parquet
  saved 350/534 normalized -> /home/jag/payment-processor-research/payment_processing_research_data/transunion/train/normalized_old/part-00349.parquet
  saved 351/534 normalized -> /home/jag/payment-processor-research/payment_processing_research_data/transunion/train/normalized_old/part-00350.parquet
  saved 352/534 normalized -> /home/jag/payment-processor-research/payment_processing_research_data/transunion/train/normalized_old/part-00351.parquet
  saved 353/534 normalized -> /home/jag/payment-processor-research/payment_processing_research_data/transunion/train/normalized_old/part-00352.parquet
  saved 354/534 normalized -> /home/jag/payment-processor-research/payment_processing_research_data/transunion/train/normalized_old/part-00353.parquet
  saved 355/534 normalized -> /home/jag/payment-processor-research/payment_processing_research_data/transunion/train/normalized_old/part-00354.parquet
  saved 356/534 normalized -> /home/jag/payment-processor-research/payment_processing_research_data/transunion/train/normalized_old/part-00355.parquet
  saved 357/534 normalized -> /home/jag/payment-processor-research/payment_processing_research_data/transunion/train/normalized_old/part-00356.parquet
  saved 358/534 normalized -> /home/jag/payment-processor-research/payment_processing_research_data/transunion/train/normalized_old/part-00357.parquet
  saved 359/534 normalized -> /home/jag/payment-processor-research/payment_processing_research_data/transunion/train/normalized_old/part-00358.parquet
  saved 360/534 normalized -> /home/jag/payment-processor-research/payment_processing_research_data/transunion/train/normalized_old/part-00359.parquet
  saved 361/534 normalized -> /home/jag/payment-processor-research/payment_processing_research_data/transunion/train/normalized_old/part-00360.parquet
  saved 362/534 normalized -> /home/jag/payment-processor-research/payment_processing_research_data/transunion/train/normalized_old/part-00361.parquet
  saved 363/534 normalized -> /home/jag/payment-processor-research/payment_processing_research_data/transunion/train/normalized_old/part-00362.parquet
  saved 364/534 normalized -> /home/jag/payment-processor-research/payment_processing_research_data/transunion/train/normalized_old/part-00363.parquet
  saved 365/534 normalized -> /home/jag/payment-processor-research/payment_processing_research_data/transunion/train/normalized_old/part-00364.parquet
  saved 366/534 normalized -> /home/jag/payment-processor-research/payment_processing_research_data/transunion/train/normalized_old/part-00365.parquet
  saved 367/534 normalized -> /home/jag/payment-processor-research/payment_processing_research_data/transunion/train/normalized_old/part-00366.parquet
  saved 368/534 normalized -> /home/jag/payment-processor-research/payment_processing_research_data/transunion/train/normalized_old/part-00367.parquet
  saved 369/534 normalized -> /home/jag/payment-processor-research/payment_processing_research_data/transunion/train/normalized_old/part-00368.parquet
  saved 370/534 normalized -> /home/jag/payment-processor-research/payment_processing_research_data/transunion/train/normalized_old/part-00369.parquet
  saved 371/534 normalized -> /home/jag/payment-processor-research/payment_processing_research_data/transunion/train/normalized_old/part-00370.parquet
  saved 372/534 normalized -> /home/jag/payment-processor-research/payment_processing_research_data/transunion/train/normalized_old/part-00371.parquet
  saved 373/534 normalized -> /home/jag/payment-processor-research/payment_processing_research_data/transunion/train/normalized_old/part-00372.parquet
  saved 374/534 normalized -> /home/jag/payment-processor-research/payment_processing_research_data/transunion/train/normalized_old/part-00373.parquet
  saved 375/534 normalized -> /home/jag/payment-processor-research/payment_processing_research_data/transunion/train/normalized_old/part-00374.parquet
  saved 376/534 normalized -> /home/jag/payment-processor-research/payment_processing_research_data/transunion/train/normalized_old/part-00375.parquet
  saved 377/534 normalized -> /home/jag/payment-processor-research/payment_processing_research_data/transunion/train/normalized_old/part-00376.parquet
  saved 378/534 normalized -> /home/jag/payment-processor-research/payment_processing_research_data/transunion/train/normalized_old/part-00377.parquet
  saved 379/534 normalized -> /home/jag/payment-processor-research/payment_processing_research_data/transunion/train/normalized_old/part-00378.parquet
  saved 380/534 normalized -> /home/jag/payment-processor-research/payment_processing_research_data/transunion/train/normalized_old/part-00379.parquet
  saved 381/534 normalized -> /home/jag/payment-processor-research/payment_processing_research_data/transunion/train/normalized_old/part-00380.parquet
  saved 382/534 normalized -> /home/jag/payment-processor-research/payment_processing_research_data/transunion/train/normalized_old/part-00381.parquet
  saved 383/534 normalized -> /home/jag/payment-processor-research/payment_processing_research_data/transunion/train/normalized_old/part-00382.parquet
  saved 384/534 normalized -> /home/jag/payment-processor-research/payment_processing_research_data/transunion/train/normalized_old/part-00383.parquet
  saved 385/534 normalized -> /home/jag/payment-processor-research/payment_processing_research_data/transunion/train/normalized_old/part-00384.parquet
  saved 386/534 normalized -> /home/jag/payment-processor-research/payment_processing_research_data/transunion/train/normalized_old/part-00385.parquet
  saved 387/534 normalized -> /home/jag/payment-processor-research/payment_processing_research_data/transunion/train/normalized_old/part-00386.parquet
  saved 388/534 normalized -> /home/jag/payment-processor-research/payment_processing_research_data/transunion/train/normalized_old/part-00387.parquet
  saved 389/534 normalized -> /home/jag/payment-processor-research/payment_processing_research_data/transunion/train/normalized_old/part-00388.parquet
  saved 390/534 normalized -> /home/jag/payment-processor-research/payment_processing_research_data/transunion/train/normalized_old/part-00389.parquet
  saved 391/534 normalized -> /home/jag/payment-processor-research/payment_processing_research_data/transunion/train/normalized_old/part-00390.parquet
  saved 392/534 normalized -> /home/jag/payment-processor-research/payment_processing_research_data/transunion/train/normalized_old/part-00391.parquet
  saved 393/534 normalized -> /home/jag/payment-processor-research/payment_processing_research_data/transunion/train/normalized_old/part-00392.parquet
  saved 394/534 normalized -> /home/jag/payment-processor-research/payment_processing_research_data/transunion/train/normalized_old/part-00393.parquet
  saved 395/534 normalized -> /home/jag/payment-processor-research/payment_processing_research_data/transunion/train/normalized_old/part-00394.parquet
  saved 396/534 normalized -> /home/jag/payment-processor-research/payment_processing_research_data/transunion/train/normalized_old/part-00395.parquet
  saved 397/534 normalized -> /home/jag/payment-processor-research/payment_processing_research_data/transunion/train/normalized_old/part-00396.parquet
  saved 398/534 normalized -> /home/jag/payment-processor-research/payment_processing_research_data/transunion/train/normalized_old/part-00397.parquet
  saved 399/534 normalized -> /home/jag/payment-processor-research/payment_processing_research_data/transunion/train/normalized_old/part-00398.parquet
  saved 400/534 normalized -> /home/jag/payment-processor-research/payment_processing_research_data/transunion/train/normalized_old/part-00399.parquet
  saved 401/534 normalized -> /home/jag/payment-processor-research/payment_processing_research_data/transunion/train/normalized_old/part-00400.parquet
  saved 402/534 normalized -> /home/jag/payment-processor-research/payment_processing_research_data/transunion/train/normalized_old/part-00401.parquet
  saved 403/534 normalized -> /home/jag/payment-processor-research/payment_processing_research_data/transunion/train/normalized_old/part-00402.parquet
  saved 404/534 normalized -> /home/jag/payment-processor-research/payment_processing_research_data/transunion/train/normalized_old/part-00403.parquet
  saved 405/534 normalized -> /home/jag/payment-processor-research/payment_processing_research_data/transunion/train/normalized_old/part-00404.parquet
  saved 406/534 normalized -> /home/jag/payment-processor-research/payment_processing_research_data/transunion/train/normalized_old/part-00405.parquet
  saved 407/534 normalized -> /home/jag/payment-processor-research/payment_processing_research_data/transunion/train/normalized_old/part-00406.parquet
  saved 408/534 normalized -> /home/jag/payment-processor-research/payment_processing_research_data/transunion/train/normalized_old/part-00407.parquet
  saved 409/534 normalized -> /home/jag/payment-processor-research/payment_processing_research_data/transunion/train/normalized_old/part-00408.parquet
  saved 410/534 normalized -> /home/jag/payment-processor-research/payment_processing_research_data/transunion/train/normalized_old/part-00409.parquet
  saved 411/534 normalized -> /home/jag/payment-processor-research/payment_processing_research_data/transunion/train/normalized_old/part-00410.parquet
  saved 412/534 normalized -> /home/jag/payment-processor-research/payment_processing_research_data/transunion/train/normalized_old/part-00411.parquet
  saved 413/534 normalized -> /home/jag/payment-processor-research/payment_processing_research_data/transunion/train/normalized_old/part-00412.parquet
  saved 414/534 normalized -> /home/jag/payment-processor-research/payment_processing_research_data/transunion/train/normalized_old/part-00413.parquet
  saved 415/534 normalized -> /home/jag/payment-processor-research/payment_processing_research_data/transunion/train/normalized_old/part-00414.parquet
  saved 416/534 normalized -> /home/jag/payment-processor-research/payment_processing_research_data/transunion/train/normalized_old/part-00415.parquet
  saved 417/534 normalized -> /home/jag/payment-processor-research/payment_processing_research_data/transunion/train/normalized_old/part-00416.parquet
  saved 418/534 normalized -> /home/jag/payment-processor-research/payment_processing_research_data/transunion/train/normalized_old/part-00417.parquet
  saved 419/534 normalized -> /home/jag/payment-processor-research/payment_processing_research_data/transunion/train/normalized_old/part-00418.parquet
  saved 420/534 normalized -> /home/jag/payment-processor-research/payment_processing_research_data/transunion/train/normalized_old/part-00419.parquet
  saved 421/534 normalized -> /home/jag/payment-processor-research/payment_processing_research_data/transunion/train/normalized_old/part-00420.parquet
  saved 422/534 normalized -> /home/jag/payment-processor-research/payment_processing_research_data/transunion/train/normalized_old/part-00421.parquet
  saved 423/534 normalized -> /home/jag/payment-processor-research/payment_processing_research_data/transunion/train/normalized_old/part-00422.parquet
  saved 424/534 normalized -> /home/jag/payment-processor-research/payment_processing_research_data/transunion/train/normalized_old/part-00423.parquet
  saved 425/534 normalized -> /home/jag/payment-processor-research/payment_processing_research_data/transunion/train/normalized_old/part-00424.parquet
  saved 426/534 normalized -> /home/jag/payment-processor-research/payment_processing_research_data/transunion/train/normalized_old/part-00425.parquet
  saved 427/534 normalized -> /home/jag/payment-processor-research/payment_processing_research_data/transunion/train/normalized_old/part-00426.parquet
  saved 428/534 normalized -> /home/jag/payment-processor-research/payment_processing_research_data/transunion/train/normalized_old/part-00427.parquet
  saved 429/534 normalized -> /home/jag/payment-processor-research/payment_processing_research_data/transunion/train/normalized_old/part-00428.parquet
  saved 430/534 normalized -> /home/jag/payment-processor-research/payment_processing_research_data/transunion/train/normalized_old/part-00429.parquet
  saved 431/534 normalized -> /home/jag/payment-processor-research/payment_processing_research_data/transunion/train/normalized_old/part-00430.parquet
  saved 432/534 normalized -> /home/jag/payment-processor-research/payment_processing_research_data/transunion/train/normalized_old/part-00431.parquet
  saved 433/534 normalized -> /home/jag/payment-processor-research/payment_processing_research_data/transunion/train/normalized_old/part-00432.parquet
  saved 434/534 normalized -> /home/jag/payment-processor-research/payment_processing_research_data/transunion/train/normalized_old/part-00433.parquet
  saved 435/534 normalized -> /home/jag/payment-processor-research/payment_processing_research_data/transunion/train/normalized_old/part-00434.parquet
  saved 436/534 normalized -> /home/jag/payment-processor-research/payment_processing_research_data/transunion/train/normalized_old/part-00435.parquet
  saved 437/534 normalized -> /home/jag/payment-processor-research/payment_processing_research_data/transunion/train/normalized_old/part-00436.parquet
  saved 438/534 normalized -> /home/jag/payment-processor-research/payment_processing_research_data/transunion/train/normalized_old/part-00437.parquet
  saved 439/534 normalized -> /home/jag/payment-processor-research/payment_processing_research_data/transunion/train/normalized_old/part-00438.parquet
  saved 440/534 normalized -> /home/jag/payment-processor-research/payment_processing_research_data/transunion/train/normalized_old/part-00439.parquet
  saved 441/534 normalized -> /home/jag/payment-processor-research/payment_processing_research_data/transunion/train/normalized_old/part-00440.parquet
  saved 442/534 normalized -> /home/jag/payment-processor-research/payment_processing_research_data/transunion/train/normalized_old/part-00441.parquet
  saved 443/534 normalized -> /home/jag/payment-processor-research/payment_processing_research_data/transunion/train/normalized_old/part-00442.parquet
  saved 444/534 normalized -> /home/jag/payment-processor-research/payment_processing_research_data/transunion/train/normalized_old/part-00443.parquet
  saved 445/534 normalized -> /home/jag/payment-processor-research/payment_processing_research_data/transunion/train/normalized_old/part-00444.parquet
  saved 446/534 normalized -> /home/jag/payment-processor-research/payment_processing_research_data/transunion/train/normalized_old/part-00445.parquet
  saved 447/534 normalized -> /home/jag/payment-processor-research/payment_processing_research_data/transunion/train/normalized_old/part-00446.parquet
  saved 448/534 normalized -> /home/jag/payment-processor-research/payment_processing_research_data/transunion/train/normalized_old/part-00447.parquet
  saved 449/534 normalized -> /home/jag/payment-processor-research/payment_processing_research_data/transunion/train/normalized_old/part-00448.parquet
  saved 450/534 normalized -> /home/jag/payment-processor-research/payment_processing_research_data/transunion/train/normalized_old/part-00449.parquet
  saved 451/534 normalized -> /home/jag/payment-processor-research/payment_processing_research_data/transunion/train/normalized_old/part-00450.parquet
  saved 452/534 normalized -> /home/jag/payment-processor-research/payment_processing_research_data/transunion/train/normalized_old/part-00451.parquet
  saved 453/534 normalized -> /home/jag/payment-processor-research/payment_processing_research_data/transunion/train/normalized_old/part-00452.parquet
  saved 454/534 normalized -> /home/jag/payment-processor-research/payment_processing_research_data/transunion/train/normalized_old/part-00453.parquet
  saved 455/534 normalized -> /home/jag/payment-processor-research/payment_processing_research_data/transunion/train/normalized_old/part-00454.parquet
  saved 456/534 normalized -> /home/jag/payment-processor-research/payment_processing_research_data/transunion/train/normalized_old/part-00455.parquet
  saved 457/534 normalized -> /home/jag/payment-processor-research/payment_processing_research_data/transunion/train/normalized_old/part-00456.parquet
  saved 458/534 normalized -> /home/jag/payment-processor-research/payment_processing_research_data/transunion/train/normalized_old/part-00457.parquet
  saved 459/534 normalized -> /home/jag/payment-processor-research/payment_processing_research_data/transunion/train/normalized_old/part-00458.parquet
  saved 460/534 normalized -> /home/jag/payment-processor-research/payment_processing_research_data/transunion/train/normalized_old/part-00459.parquet
  saved 461/534 normalized -> /home/jag/payment-processor-research/payment_processing_research_data/transunion/train/normalized_old/part-00460.parquet
  saved 462/534 normalized -> /home/jag/payment-processor-research/payment_processing_research_data/transunion/train/normalized_old/part-00461.parquet
  saved 463/534 normalized -> /home/jag/payment-processor-research/payment_processing_research_data/transunion/train/normalized_old/part-00462.parquet
  saved 464/534 normalized -> /home/jag/payment-processor-research/payment_processing_research_data/transunion/train/normalized_old/part-00463.parquet
  saved 465/534 normalized -> /home/jag/payment-processor-research/payment_processing_research_data/transunion/train/normalized_old/part-00464.parquet
  saved 466/534 normalized -> /home/jag/payment-processor-research/payment_processing_research_data/transunion/train/normalized_old/part-00465.parquet
  saved 467/534 normalized -> /home/jag/payment-processor-research/payment_processing_research_data/transunion/train/normalized_old/part-00466.parquet
  saved 468/534 normalized -> /home/jag/payment-processor-research/payment_processing_research_data/transunion/train/normalized_old/part-00467.parquet
  saved 469/534 normalized -> /home/jag/payment-processor-research/payment_processing_research_data/transunion/train/normalized_old/part-00468.parquet
  saved 470/534 normalized -> /home/jag/payment-processor-research/payment_processing_research_data/transunion/train/normalized_old/part-00469.parquet
  saved 471/534 normalized -> /home/jag/payment-processor-research/payment_processing_research_data/transunion/train/normalized_old/part-00470.parquet
  saved 472/534 normalized -> /home/jag/payment-processor-research/payment_processing_research_data/transunion/train/normalized_old/part-00471.parquet
  saved 473/534 normalized -> /home/jag/payment-processor-research/payment_processing_research_data/transunion/train/normalized_old/part-00472.parquet
  saved 474/534 normalized -> /home/jag/payment-processor-research/payment_processing_research_data/transunion/train/normalized_old/part-00473.parquet
  saved 475/534 normalized -> /home/jag/payment-processor-research/payment_processing_research_data/transunion/train/normalized_old/part-00474.parquet
  saved 476/534 normalized -> /home/jag/payment-processor-research/payment_processing_research_data/transunion/train/normalized_old/part-00475.parquet
  saved 477/534 normalized -> /home/jag/payment-processor-research/payment_processing_research_data/transunion/train/normalized_old/part-00476.parquet
  saved 478/534 normalized -> /home/jag/payment-processor-research/payment_processing_research_data/transunion/train/normalized_old/part-00477.parquet
  saved 479/534 normalized -> /home/jag/payment-processor-research/payment_processing_research_data/transunion/train/normalized_old/part-00478.parquet
  saved 480/534 normalized -> /home/jag/payment-processor-research/payment_processing_research_data/transunion/train/normalized_old/part-00479.parquet
  saved 481/534 normalized -> /home/jag/payment-processor-research/payment_processing_research_data/transunion/train/normalized_old/part-00480.parquet
  saved 482/534 normalized -> /home/jag/payment-processor-research/payment_processing_research_data/transunion/train/normalized_old/part-00481.parquet
  saved 483/534 normalized -> /home/jag/payment-processor-research/payment_processing_research_data/transunion/train/normalized_old/part-00482.parquet
  saved 484/534 normalized -> /home/jag/payment-processor-research/payment_processing_research_data/transunion/train/normalized_old/part-00483.parquet
  saved 485/534 normalized -> /home/jag/payment-processor-research/payment_processing_research_data/transunion/train/normalized_old/part-00484.parquet
  saved 486/534 normalized -> /home/jag/payment-processor-research/payment_processing_research_data/transunion/train/normalized_old/part-00485.parquet
  saved 487/534 normalized -> /home/jag/payment-processor-research/payment_processing_research_data/transunion/train/normalized_old/part-00486.parquet
  saved 488/534 normalized -> /home/jag/payment-processor-research/payment_processing_research_data/transunion/train/normalized_old/part-00487.parquet
  saved 489/534 normalized -> /home/jag/payment-processor-research/payment_processing_research_data/transunion/train/normalized_old/part-00488.parquet
  saved 490/534 normalized -> /home/jag/payment-processor-research/payment_processing_research_data/transunion/train/normalized_old/part-00489.parquet
  saved 491/534 normalized -> /home/jag/payment-processor-research/payment_processing_research_data/transunion/train/normalized_old/part-00490.parquet
  saved 492/534 normalized -> /home/jag/payment-processor-research/payment_processing_research_data/transunion/train/normalized_old/part-00491.parquet
  saved 493/534 normalized -> /home/jag/payment-processor-research/payment_processing_research_data/transunion/train/normalized_old/part-00492.parquet
  saved 494/534 normalized -> /home/jag/payment-processor-research/payment_processing_research_data/transunion/train/normalized_old/part-00493.parquet
  saved 495/534 normalized -> /home/jag/payment-processor-research/payment_processing_research_data/transunion/train/normalized_old/part-00494.parquet
  saved 496/534 normalized -> /home/jag/payment-processor-research/payment_processing_research_data/transunion/train/normalized_old/part-00495.parquet
  saved 497/534 normalized -> /home/jag/payment-processor-research/payment_processing_research_data/transunion/train/normalized_old/part-00496.parquet
  saved 498/534 normalized -> /home/jag/payment-processor-research/payment_processing_research_data/transunion/train/normalized_old/part-00497.parquet
  saved 499/534 normalized -> /home/jag/payment-processor-research/payment_processing_research_data/transunion/train/normalized_old/part-00498.parquet
  saved 500/534 normalized -> /home/jag/payment-processor-research/payment_processing_research_data/transunion/train/normalized_old/part-00499.parquet
  saved 501/534 normalized -> /home/jag/payment-processor-research/payment_processing_research_data/transunion/train/normalized_old/part-00500.parquet
  saved 502/534 normalized -> /home/jag/payment-processor-research/payment_processing_research_data/transunion/train/normalized_old/part-00501.parquet
  saved 503/534 normalized -> /home/jag/payment-processor-research/payment_processing_research_data/transunion/train/normalized_old/part-00502.parquet
  saved 504/534 normalized -> /home/jag/payment-processor-research/payment_processing_research_data/transunion/train/normalized_old/part-00503.parquet
  saved 505/534 normalized -> /home/jag/payment-processor-research/payment_processing_research_data/transunion/train/normalized_old/part-00504.parquet
  saved 506/534 normalized -> /home/jag/payment-processor-research/payment_processing_research_data/transunion/train/normalized_old/part-00505.parquet
  saved 507/534 normalized -> /home/jag/payment-processor-research/payment_processing_research_data/transunion/train/normalized_old/part-00506.parquet
  saved 508/534 normalized -> /home/jag/payment-processor-research/payment_processing_research_data/transunion/train/normalized_old/part-00507.parquet
  saved 509/534 normalized -> /home/jag/payment-processor-research/payment_processing_research_data/transunion/train/normalized_old/part-00508.parquet
  saved 510/534 normalized -> /home/jag/payment-processor-research/payment_processing_research_data/transunion/train/normalized_old/part-00509.parquet
  saved 511/534 normalized -> /home/jag/payment-processor-research/payment_processing_research_data/transunion/train/normalized_old/part-00510.parquet
  saved 512/534 normalized -> /home/jag/payment-processor-research/payment_processing_research_data/transunion/train/normalized_old/part-00511.parquet
  saved 513/534 normalized -> /home/jag/payment-processor-research/payment_processing_research_data/transunion/train/normalized_old/part-00512.parquet
  saved 514/534 normalized -> /home/jag/payment-processor-research/payment_processing_research_data/transunion/train/normalized_old/part-00513.parquet
  saved 515/534 normalized -> /home/jag/payment-processor-research/payment_processing_research_data/transunion/train/normalized_old/part-00514.parquet
  saved 516/534 normalized -> /home/jag/payment-processor-research/payment_processing_research_data/transunion/train/normalized_old/part-00515.parquet
  saved 517/534 normalized -> /home/jag/payment-processor-research/payment_processing_research_data/transunion/train/normalized_old/part-00516.parquet
  saved 518/534 normalized -> /home/jag/payment-processor-research/payment_processing_research_data/transunion/train/normalized_old/part-00517.parquet
  saved 519/534 normalized -> /home/jag/payment-processor-research/payment_processing_research_data/transunion/train/normalized_old/part-00518.parquet
  saved 520/534 normalized -> /home/jag/payment-processor-research/payment_processing_research_data/transunion/train/normalized_old/part-00519.parquet
  saved 521/534 normalized -> /home/jag/payment-processor-research/payment_processing_research_data/transunion/train/normalized_old/part-00520.parquet
  saved 522/534 normalized -> /home/jag/payment-processor-research/payment_processing_research_data/transunion/train/normalized_old/part-00521.parquet
  saved 523/534 normalized -> /home/jag/payment-processor-research/payment_processing_research_data/transunion/train/normalized_old/part-00522.parquet
  saved 524/534 normalized -> /home/jag/payment-processor-research/payment_processing_research_data/transunion/train/normalized_old/part-00523.parquet
  saved 525/534 normalized -> /home/jag/payment-processor-research/payment_processing_research_data/transunion/train/normalized_old/part-00524.parquet
  saved 526/534 normalized -> /home/jag/payment-processor-research/payment_processing_research_data/transunion/train/normalized_old/part-00525.parquet
  saved 527/534 normalized -> /home/jag/payment-processor-research/payment_processing_research_data/transunion/train/normalized_old/part-00526.parquet
  saved 528/534 normalized -> /home/jag/payment-processor-research/payment_processing_research_data/transunion/train/normalized_old/part-00527.parquet
  saved 529/534 normalized -> /home/jag/payment-processor-research/payment_processing_research_data/transunion/train/normalized_old/part-00528.parquet
  saved 530/534 normalized -> /home/jag/payment-processor-research/payment_processing_research_data/transunion/train/normalized_old/part-00529.parquet
  saved 531/534 normalized -> /home/jag/payment-processor-research/payment_processing_research_data/transunion/train/normalized_old/part-00530.parquet
  saved 532/534 normalized -> /home/jag/payment-processor-research/payment_processing_research_data/transunion/train/normalized_old/part-00531.parquet
  saved 533/534 normalized -> /home/jag/payment-processor-research/payment_processing_research_data/transunion/train/normalized_old/part-00532.parquet
  saved 534/534 normalized -> /home/jag/payment-processor-research/payment_processing_research_data/transunion/train/normalized_old/part-00533.parquet

phase 2: load full normalized, split into 100 ZEST_KEY groups -> /home/jag/payment-processor-research/payment_processing_research_data/transunion/train/processed_old
  loaded 51,363,143 normalized rows
  saved group 1/100 processed (28,018 ZEST_KEYs so far) -> /home/jag/payment-processor-research/payment_processing_research_data/transunion/train/processed_old/part-000.parquet
  saved group 2/100 processed (55,712 ZEST_KEYs so far) -> /home/jag/payment-processor-research/payment_processing_research_data/transunion/train/processed_old/part-001.parquet
  saved group 3/100 processed (83,605 ZEST_KEYs so far) -> /home/jag/payment-processor-research/payment_processing_research_data/transunion/train/processed_old/part-002.parquet
  saved group 4/100 processed (111,373 ZEST_KEYs so far) -> /home/jag/payment-processor-research/payment_processing_research_data/transunion/train/processed_old/part-003.parquet
  saved group 5/100 processed (139,278 ZEST_KEYs so far) -> /home/jag/payment-processor-research/payment_processing_research_data/transunion/train/processed_old/part-004.parquet
  saved group 6/100 processed (166,727 ZEST_KEYs so far) -> /home/jag/payment-processor-research/payment_processing_research_data/transunion/train/processed_old/part-005.parquet
  saved group 7/100 processed (194,689 ZEST_KEYs so far) -> /home/jag/payment-processor-research/payment_processing_research_data/transunion/train/processed_old/part-006.parquet
  saved group 8/100 processed (222,381 ZEST_KEYs so far) -> /home/jag/payment-processor-research/payment_processing_research_data/transunion/train/processed_old/part-007.parquet
  saved group 9/100 processed (250,122 ZEST_KEYs so far) -> /home/jag/payment-processor-research/payment_processing_research_data/transunion/train/processed_old/part-008.parquet
  saved group 10/100 processed (277,969 ZEST_KEYs so far) -> /home/jag/payment-processor-research/payment_processing_research_data/transunion/train/processed_old/part-009.parquet
  saved group 11/100 processed (305,676 ZEST_KEYs so far) -> /home/jag/payment-processor-research/payment_processing_research_data/transunion/train/processed_old/part-010.parquet
  saved group 12/100 processed (333,441 ZEST_KEYs so far) -> /home/jag/payment-processor-research/payment_processing_research_data/transunion/train/processed_old/part-011.parquet
  saved group 13/100 processed (361,314 ZEST_KEYs so far) -> /home/jag/payment-processor-research/payment_processing_research_data/transunion/train/processed_old/part-012.parquet
  saved group 14/100 processed (388,846 ZEST_KEYs so far) -> /home/jag/payment-processor-research/payment_processing_research_data/transunion/train/processed_old/part-013.parquet
  saved group 15/100 processed (416,547 ZEST_KEYs so far) -> /home/jag/payment-processor-research/payment_processing_research_data/transunion/train/processed_old/part-014.parquet
  saved group 16/100 processed (444,335 ZEST_KEYs so far) -> /home/jag/payment-processor-research/payment_processing_research_data/transunion/train/processed_old/part-015.parquet
  saved group 17/100 processed (472,272 ZEST_KEYs so far) -> /home/jag/payment-processor-research/payment_processing_research_data/transunion/train/processed_old/part-016.parquet
  saved group 18/100 processed (500,144 ZEST_KEYs so far) -> /home/jag/payment-processor-research/payment_processing_research_data/transunion/train/processed_old/part-017.parquet
  saved group 19/100 processed (527,922 ZEST_KEYs so far) -> /home/jag/payment-processor-research/payment_processing_research_data/transunion/train/processed_old/part-018.parquet
  saved group 20/100 processed (555,802 ZEST_KEYs so far) -> /home/jag/payment-processor-research/payment_processing_research_data/transunion/train/processed_old/part-019.parquet
  saved group 21/100 processed (583,836 ZEST_KEYs so far) -> /home/jag/payment-processor-research/payment_processing_research_data/transunion/train/processed_old/part-020.parquet
  saved group 22/100 processed (611,641 ZEST_KEYs so far) -> /home/jag/payment-processor-research/payment_processing_research_data/transunion/train/processed_old/part-021.parquet
  saved group 23/100 processed (639,598 ZEST_KEYs so far) -> /home/jag/payment-processor-research/payment_processing_research_data/transunion/train/processed_old/part-022.parquet
  saved group 24/100 processed (667,646 ZEST_KEYs so far) -> /home/jag/payment-processor-research/payment_processing_research_data/transunion/train/processed_old/part-023.parquet
  saved group 25/100 processed (695,399 ZEST_KEYs so far) -> /home/jag/payment-processor-research/payment_processing_research_data/transunion/train/processed_old/part-024.parquet
  saved group 26/100 processed (723,060 ZEST_KEYs so far) -> /home/jag/payment-processor-research/payment_processing_research_data/transunion/train/processed_old/part-025.parquet
  saved group 27/100 processed (750,928 ZEST_KEYs so far) -> /home/jag/payment-processor-research/payment_processing_research_data/transunion/train/processed_old/part-026.parquet
  saved group 28/100 processed (778,724 ZEST_KEYs so far) -> /home/jag/payment-processor-research/payment_processing_research_data/transunion/train/processed_old/part-027.parquet
  saved group 29/100 processed (806,518 ZEST_KEYs so far) -> /home/jag/payment-processor-research/payment_processing_research_data/transunion/train/processed_old/part-028.parquet
  saved group 30/100 processed (834,206 ZEST_KEYs so far) -> /home/jag/payment-processor-research/payment_processing_research_data/transunion/train/processed_old/part-029.parquet
  saved group 31/100 processed (862,522 ZEST_KEYs so far) -> /home/jag/payment-processor-research/payment_processing_research_data/transunion/train/processed_old/part-030.parquet
  saved group 32/100 processed (890,062 ZEST_KEYs so far) -> /home/jag/payment-processor-research/payment_processing_research_data/transunion/train/processed_old/part-031.parquet
  saved group 33/100 processed (917,961 ZEST_KEYs so far) -> /home/jag/payment-processor-research/payment_processing_research_data/transunion/train/processed_old/part-032.parquet
  saved group 34/100 processed (945,721 ZEST_KEYs so far) -> /home/jag/payment-processor-research/payment_processing_research_data/transunion/train/processed_old/part-033.parquet
  saved group 35/100 processed (973,469 ZEST_KEYs so far) -> /home/jag/payment-processor-research/payment_processing_research_data/transunion/train/processed_old/part-034.parquet
  saved group 36/100 processed (1,001,425 ZEST_KEYs so far) -> /home/jag/payment-processor-research/payment_processing_research_data/transunion/train/processed_old/part-035.parquet
  saved group 37/100 processed (1,029,585 ZEST_KEYs so far) -> /home/jag/payment-processor-research/payment_processing_research_data/transunion/train/processed_old/part-036.parquet
  saved group 38/100 processed (1,057,550 ZEST_KEYs so far) -> /home/jag/payment-processor-research/payment_processing_research_data/transunion/train/processed_old/part-037.parquet
  saved group 39/100 processed (1,085,695 ZEST_KEYs so far) -> /home/jag/payment-processor-research/payment_processing_research_data/transunion/train/processed_old/part-038.parquet
  saved group 40/100 processed (1,113,257 ZEST_KEYs so far) -> /home/jag/payment-processor-research/payment_processing_research_data/transunion/train/processed_old/part-039.parquet
  saved group 41/100 processed (1,141,051 ZEST_KEYs so far) -> /home/jag/payment-processor-research/payment_processing_research_data/transunion/train/processed_old/part-040.parquet
  saved group 42/100 processed (1,169,036 ZEST_KEYs so far) -> /home/jag/payment-processor-research/payment_processing_research_data/transunion/train/processed_old/part-041.parquet
  saved group 43/100 processed (1,196,742 ZEST_KEYs so far) -> /home/jag/payment-processor-research/payment_processing_research_data/transunion/train/processed_old/part-042.parquet
  saved group 44/100 processed (1,224,414 ZEST_KEYs so far) -> /home/jag/payment-processor-research/payment_processing_research_data/transunion/train/processed_old/part-043.parquet
  saved group 45/100 processed (1,251,984 ZEST_KEYs so far) -> /home/jag/payment-processor-research/payment_processing_research_data/transunion/train/processed_old/part-044.parquet
  saved group 46/100 processed (1,279,618 ZEST_KEYs so far) -> /home/jag/payment-processor-research/payment_processing_research_data/transunion/train/processed_old/part-045.parquet
  saved group 47/100 processed (1,307,555 ZEST_KEYs so far) -> /home/jag/payment-processor-research/payment_processing_research_data/transunion/train/processed_old/part-046.parquet
  saved group 48/100 processed (1,335,194 ZEST_KEYs so far) -> /home/jag/payment-processor-research/payment_processing_research_data/transunion/train/processed_old/part-047.parquet
  saved group 49/100 processed (1,363,017 ZEST_KEYs so far) -> /home/jag/payment-processor-research/payment_processing_research_data/transunion/train/processed_old/part-048.parquet
  saved group 50/100 processed (1,390,916 ZEST_KEYs so far) -> /home/jag/payment-processor-research/payment_processing_research_data/transunion/train/processed_old/part-049.parquet
  saved group 51/100 processed (1,418,673 ZEST_KEYs so far) -> /home/jag/payment-processor-research/payment_processing_research_data/transunion/train/processed_old/part-050.parquet
  saved group 52/100 processed (1,446,296 ZEST_KEYs so far) -> /home/jag/payment-processor-research/payment_processing_research_data/transunion/train/processed_old/part-051.parquet
  saved group 53/100 processed (1,473,958 ZEST_KEYs so far) -> /home/jag/payment-processor-research/payment_processing_research_data/transunion/train/processed_old/part-052.parquet
  saved group 54/100 processed (1,501,796 ZEST_KEYs so far) -> /home/jag/payment-processor-research/payment_processing_research_data/transunion/train/processed_old/part-053.parquet
  saved group 55/100 processed (1,529,411 ZEST_KEYs so far) -> /home/jag/payment-processor-research/payment_processing_research_data/transunion/train/processed_old/part-054.parquet
  saved group 56/100 processed (1,557,027 ZEST_KEYs so far) -> /home/jag/payment-processor-research/payment_processing_research_data/transunion/train/processed_old/part-055.parquet
  saved group 57/100 processed (1,584,431 ZEST_KEYs so far) -> /home/jag/payment-processor-research/payment_processing_research_data/transunion/train/processed_old/part-056.parquet
  saved group 58/100 processed (1,612,109 ZEST_KEYs so far) -> /home/jag/payment-processor-research/payment_processing_research_data/transunion/train/processed_old/part-057.parquet
  saved group 59/100 processed (1,639,615 ZEST_KEYs so far) -> /home/jag/payment-processor-research/payment_processing_research_data/transunion/train/processed_old/part-058.parquet
  saved group 60/100 processed (1,667,525 ZEST_KEYs so far) -> /home/jag/payment-processor-research/payment_processing_research_data/transunion/train/processed_old/part-059.parquet
  saved group 61/100 processed (1,694,998 ZEST_KEYs so far) -> /home/jag/payment-processor-research/payment_processing_research_data/transunion/train/processed_old/part-060.parquet
  saved group 62/100 processed (1,722,422 ZEST_KEYs so far) -> /home/jag/payment-processor-research/payment_processing_research_data/transunion/train/processed_old/part-061.parquet
  saved group 63/100 processed (1,750,431 ZEST_KEYs so far) -> /home/jag/payment-processor-research/payment_processing_research_data/transunion/train/processed_old/part-062.parquet
  saved group 64/100 processed (1,777,843 ZEST_KEYs so far) -> /home/jag/payment-processor-research/payment_processing_research_data/transunion/train/processed_old/part-063.parquet
  saved group 65/100 processed (1,805,772 ZEST_KEYs so far) -> /home/jag/payment-processor-research/payment_processing_research_data/transunion/train/processed_old/part-064.parquet
  saved group 66/100 processed (1,833,482 ZEST_KEYs so far) -> /home/jag/payment-processor-research/payment_processing_research_data/transunion/train/processed_old/part-065.parquet
  saved group 67/100 processed (1,861,247 ZEST_KEYs so far) -> /home/jag/payment-processor-research/payment_processing_research_data/transunion/train/processed_old/part-066.parquet
  saved group 68/100 processed (1,889,092 ZEST_KEYs so far) -> /home/jag/payment-processor-research/payment_processing_research_data/transunion/train/processed_old/part-067.parquet
  saved group 69/100 processed (1,916,697 ZEST_KEYs so far) -> /home/jag/payment-processor-research/payment_processing_research_data/transunion/train/processed_old/part-068.parquet
  saved group 70/100 processed (1,944,393 ZEST_KEYs so far) -> /home/jag/payment-processor-research/payment_processing_research_data/transunion/train/processed_old/part-069.parquet
  saved group 71/100 processed (1,971,996 ZEST_KEYs so far) -> /home/jag/payment-processor-research/payment_processing_research_data/transunion/train/processed_old/part-070.parquet
  saved group 72/100 processed (1,999,943 ZEST_KEYs so far) -> /home/jag/payment-processor-research/payment_processing_research_data/transunion/train/processed_old/part-071.parquet
  saved group 73/100 processed (2,027,528 ZEST_KEYs so far) -> /home/jag/payment-processor-research/payment_processing_research_data/transunion/train/processed_old/part-072.parquet
  saved group 74/100 processed (2,055,309 ZEST_KEYs so far) -> /home/jag/payment-processor-research/payment_processing_research_data/transunion/train/processed_old/part-073.parquet
  saved group 75/100 processed (2,083,243 ZEST_KEYs so far) -> /home/jag/payment-processor-research/payment_processing_research_data/transunion/train/processed_old/part-074.parquet
  saved group 76/100 processed (2,111,344 ZEST_KEYs so far) -> /home/jag/payment-processor-research/payment_processing_research_data/transunion/train/processed_old/part-075.parquet
  saved group 77/100 processed (2,139,367 ZEST_KEYs so far) -> /home/jag/payment-processor-research/payment_processing_research_data/transunion/train/processed_old/part-076.parquet
  saved group 78/100 processed (2,166,814 ZEST_KEYs so far) -> /home/jag/payment-processor-research/payment_processing_research_data/transunion/train/processed_old/part-077.parquet
  saved group 79/100 processed (2,194,448 ZEST_KEYs so far) -> /home/jag/payment-processor-research/payment_processing_research_data/transunion/train/processed_old/part-078.parquet
  saved group 80/100 processed (2,221,898 ZEST_KEYs so far) -> /home/jag/payment-processor-research/payment_processing_research_data/transunion/train/processed_old/part-079.parquet
  saved group 81/100 processed (2,249,704 ZEST_KEYs so far) -> /home/jag/payment-processor-research/payment_processing_research_data/transunion/train/processed_old/part-080.parquet
  saved group 82/100 processed (2,277,370 ZEST_KEYs so far) -> /home/jag/payment-processor-research/payment_processing_research_data/transunion/train/processed_old/part-081.parquet
  saved group 83/100 processed (2,305,332 ZEST_KEYs so far) -> /home/jag/payment-processor-research/payment_processing_research_data/transunion/train/processed_old/part-082.parquet
  saved group 84/100 processed (2,333,034 ZEST_KEYs so far) -> /home/jag/payment-processor-research/payment_processing_research_data/transunion/train/processed_old/part-083.parquet
  saved group 85/100 processed (2,360,829 ZEST_KEYs so far) -> /home/jag/payment-processor-research/payment_processing_research_data/transunion/train/processed_old/part-084.parquet
  saved group 86/100 processed (2,388,351 ZEST_KEYs so far) -> /home/jag/payment-processor-research/payment_processing_research_data/transunion/train/processed_old/part-085.parquet
  saved group 87/100 processed (2,416,400 ZEST_KEYs so far) -> /home/jag/payment-processor-research/payment_processing_research_data/transunion/train/processed_old/part-086.parquet
  saved group 88/100 processed (2,443,946 ZEST_KEYs so far) -> /home/jag/payment-processor-research/payment_processing_research_data/transunion/train/processed_old/part-087.parquet
  saved group 89/100 processed (2,471,805 ZEST_KEYs so far) -> /home/jag/payment-processor-research/payment_processing_research_data/transunion/train/processed_old/part-088.parquet
  saved group 90/100 processed (2,499,682 ZEST_KEYs so far) -> /home/jag/payment-processor-research/payment_processing_research_data/transunion/train/processed_old/part-089.parquet
  saved group 91/100 processed (2,527,723 ZEST_KEYs so far) -> /home/jag/payment-processor-research/payment_processing_research_data/transunion/train/processed_old/part-090.parquet
  saved group 92/100 processed (2,555,458 ZEST_KEYs so far) -> /home/jag/payment-processor-research/payment_processing_research_data/transunion/train/processed_old/part-091.parquet
  saved group 93/100 processed (2,583,259 ZEST_KEYs so far) -> /home/jag/payment-processor-research/payment_processing_research_data/transunion/train/processed_old/part-092.parquet
  saved group 94/100 processed (2,611,088 ZEST_KEYs so far) -> /home/jag/payment-processor-research/payment_processing_research_data/transunion/train/processed_old/part-093.parquet
  saved group 95/100 processed (2,638,915 ZEST_KEYs so far) -> /home/jag/payment-processor-research/payment_processing_research_data/transunion/train/processed_old/part-094.parquet
  saved group 96/100 processed (2,666,703 ZEST_KEYs so far) -> /home/jag/payment-processor-research/payment_processing_research_data/transunion/train/processed_old/part-095.parquet
  saved group 97/100 processed (2,694,502 ZEST_KEYs so far) -> /home/jag/payment-processor-research/payment_processing_research_data/transunion/train/processed_old/part-096.parquet
  saved group 98/100 processed (2,722,429 ZEST_KEYs so far) -> /home/jag/payment-processor-research/payment_processing_research_data/transunion/train/processed_old/part-097.parquet
  saved group 99/100 processed (2,750,382 ZEST_KEYs so far) -> /home/jag/payment-processor-research/payment_processing_research_data/transunion/train/processed_old/part-098.parquet
  saved group 100/100 processed (2,778,331 ZEST_KEYs so far) -> /home/jag/payment-processor-research/payment_processing_research_data/transunion/train/processed_old/part-099.parquet

done: 534 normalized chunks, 100 processed groups, 2,778,331 ZEST_KEYs
